2026-01-19 02:01:11 | INFO     | ============================================================
2026-01-19 02:01:11 | INFO     | Approved Watcher Agent started
2026-01-19 02:01:11 | INFO     | Watch folder: C:\Users\Admin\OneDrive\Desktop\AI_Employee_Vault\Approved
2026-01-19 02:01:11 | INFO     | Output folder: C:\Users\Admin\OneDrive\Desktop\AI_Employee_Vault\In_Progress
2026-01-19 02:01:11 | INFO     | ============================================================
2026-01-19 02:01:11 | INFO     | Found 1 approved task(s)
2026-01-19 02:01:11 | INFO     | EXECUTION QUEUED: task_100
2026-01-19 02:01:11 | INFO     | Approved Watcher completed: 1 queued, 0 skipped, 0 errors
2026-01-19 02:01:11 | INFO     | ============================================================
2026-01-19 02:21:27 | INFO     | ============================================================
2026-01-19 02:21:27 | INFO     | Approved Watcher Agent started
2026-01-19 02:21:27 | INFO     | Watch folder: C:\Users\Admin\OneDrive\Desktop\AI_Employee_Vault\Approved
2026-01-19 02:21:27 | INFO     | Output folder: C:\Users\Admin\OneDrive\Desktop\AI_Employee_Vault\In_Progress
2026-01-19 02:21:27 | INFO     | ============================================================
2026-01-19 02:21:27 | INFO     | Found 1 approved task(s)
2026-01-19 02:21:27 | INFO     | EXECUTION QUEUED: task_100
2026-01-19 02:21:27 | INFO     | Approved Watcher completed: 1 queued, 0 skipped, 0 errors
2026-01-19 02:21:27 | INFO     | ============================================================
2026-01-24 15:02:36 | INFO     | ============================================================
2026-01-24 15:02:36 | INFO     | Approved Watcher Agent started
2026-01-24 15:02:36 | INFO     | Watch folder: C:\Users\Admin\OneDrive\Desktop\AI_Employee_Vault\Approved
2026-01-24 15:02:36 | INFO     | Output folder: C:\Users\Admin\OneDrive\Desktop\AI_Employee_Vault\In_Progress
2026-01-24 15:02:36 | INFO     | ============================================================
2026-01-24 15:02:36 | INFO     | No approved tasks found
2026-01-24 15:15:24 | INFO     | ============================================================
2026-01-24 15:15:24 | INFO     | Approved Watcher Agent started
2026-01-24 15:15:24 | INFO     | Watch folder: C:\Users\Admin\OneDrive\Desktop\AI_Employee_Vault\Approved
2026-01-24 15:15:24 | INFO     | Output folder: C:\Users\Admin\OneDrive\Desktop\AI_Employee_Vault\In_Progress
2026-01-24 15:15:24 | INFO     | ============================================================
2026-01-24 15:15:24 | INFO     | No approved tasks found
2026-01-24 15:19:23 | INFO     | ============================================================
2026-01-24 15:19:23 | INFO     | Approved Watcher Agent started
2026-01-24 15:19:23 | INFO     | Watch folder: C:\Users\Admin\OneDrive\Desktop\AI_Employee_Vault\Approved
2026-01-24 15:19:23 | INFO     | Output folder: C:\Users\Admin\OneDrive\Desktop\AI_Employee_Vault\In_Progress
2026-01-24 15:19:23 | INFO     | ============================================================
2026-01-24 15:19:23 | INFO     | Found 1 approved task(s)
2026-01-24 15:19:23 | INFO     | EXECUTION QUEUED: test_email
2026-01-24 15:19:23 | INFO     | Approved Watcher completed: 1 queued, 0 skipped, 0 errors
2026-01-24 15:19:23 | INFO     | ============================================================
2026-01-24 15:22:19 | INFO     | ============================================================
2026-01-24 15:22:19 | INFO     | Approved Watcher Agent started
2026-01-24 15:22:19 | INFO     | Watch folder: C:\Users\Admin\OneDrive\Desktop\AI_Employee_Vault\Approved
2026-01-24 15:22:19 | INFO     | Output folder: C:\Users\Admin\OneDrive\Desktop\AI_Employee_Vault\In_Progress
2026-01-24 15:22:19 | INFO     | ============================================================
2026-01-24 15:22:19 | INFO     | No approved tasks found
2026-02-03 21:19:17 | INFO     | ============================================================
2026-02-03 21:19:17 | INFO     | Approved Watcher Agent started
2026-02-03 21:19:17 | INFO     | Watch folder: C:\Users\Admin\OneDrive\Desktop\AI_Employee_Vault\Approved
2026-02-03 21:19:17 | INFO     | Output folder: C:\Users\Admin\OneDrive\Desktop\AI_Employee_Vault\In_Progress
2026-02-03 21:19:17 | INFO     | ============================================================
2026-02-03 21:49:57 | INFO     | ============================================================
2026-02-03 21:49:57 | INFO     | Approved Watcher Agent started
2026-02-03 21:49:57 | INFO     | Watch folder: C:\Users\Admin\OneDrive\Desktop\AI_Employee_Vault\Approved
2026-02-03 21:49:57 | INFO     | Output folder: C:\Users\Admin\OneDrive\Desktop\AI_Employee_Vault\In_Progress
2026-02-03 21:49:58 | INFO     | ============================================================
2026-02-03 21:49:58 | INFO     | Found 1 approved task(s)
2026-02-03 21:49:58 | INFO     | EXECUTION QUEUED: task_test_quote
2026-02-03 21:49:58 | INFO     | Approved Watcher completed: 1 queued, 0 skipped, 0 errors
2026-02-03 21:49:58 | INFO     | ============================================================
2026-02-05 12:18:38 | INFO     | ============================================================
2026-02-05 12:18:38 | INFO     | Approved Watcher Agent started
2026-02-05 12:18:38 | INFO     | Watch folder: C:\Users\Admin\OneDrive\Desktop\AI_Employee_Vault\Approved
2026-02-05 12:18:38 | INFO     | Output folder: C:\Users\Admin\OneDrive\Desktop\AI_Employee_Vault\In_Progress
2026-02-05 12:18:38 | INFO     | ============================================================
2026-02-05 12:19:10 | INFO     | ============================================================
2026-02-05 12:19:10 | INFO     | Approved Watcher Agent started
2026-02-05 12:19:10 | INFO     | Watch folder: C:\Users\Admin\OneDrive\Desktop\AI_Employee_Vault\Approved
2026-02-05 12:19:10 | INFO     | Output folder: C:\Users\Admin\OneDrive\Desktop\AI_Employee_Vault\In_Progress
2026-02-05 12:19:10 | INFO     | ============================================================
2026-02-05 12:19:42 | INFO     | ============================================================
2026-02-05 12:19:42 | INFO     | Approved Watcher Agent started
2026-02-05 12:19:42 | INFO     | Watch folder: C:\Users\Admin\OneDrive\Desktop\AI_Employee_Vault\Approved
2026-02-05 12:19:42 | INFO     | Output folder: C:\Users\Admin\OneDrive\Desktop\AI_Employee_Vault\In_Progress
2026-02-05 12:19:42 | INFO     | ============================================================
2026-02-05 12:20:14 | INFO     | ============================================================
2026-02-05 12:20:14 | INFO     | Approved Watcher Agent started
2026-02-05 12:20:14 | INFO     | Watch folder: C:\Users\Admin\OneDrive\Desktop\AI_Employee_Vault\Approved
2026-02-05 12:20:14 | INFO     | Output folder: C:\Users\Admin\OneDrive\Desktop\AI_Employee_Vault\In_Progress
2026-02-05 12:20:14 | INFO     | ============================================================
2026-02-05 12:20:45 | INFO     | ============================================================
2026-02-05 12:20:45 | INFO     | Approved Watcher Agent started
2026-02-05 12:20:45 | INFO     | Watch folder: C:\Users\Admin\OneDrive\Desktop\AI_Employee_Vault\Approved
2026-02-05 12:20:45 | INFO     | Output folder: C:\Users\Admin\OneDrive\Desktop\AI_Employee_Vault\In_Progress
2026-02-05 12:20:45 | INFO     | ============================================================
2026-02-05 12:21:17 | INFO     | ============================================================
2026-02-05 12:21:17 | INFO     | Approved Watcher Agent started
2026-02-05 12:21:17 | INFO     | Watch folder: C:\Users\Admin\OneDrive\Desktop\AI_Employee_Vault\Approved
2026-02-05 12:21:17 | INFO     | Output folder: C:\Users\Admin\OneDrive\Desktop\AI_Employee_Vault\In_Progress
2026-02-05 12:21:17 | INFO     | ============================================================
2026-02-05 12:21:49 | INFO     | ============================================================
2026-02-05 12:21:49 | INFO     | Approved Watcher Agent started
2026-02-05 12:21:49 | INFO     | Watch folder: C:\Users\Admin\OneDrive\Desktop\AI_Employee_Vault\Approved
2026-02-05 12:21:49 | INFO     | Output folder: C:\Users\Admin\OneDrive\Desktop\AI_Employee_Vault\In_Progress
2026-02-05 12:21:49 | INFO     | ============================================================
2026-02-05 12:22:21 | INFO     | ============================================================
2026-02-05 12:22:21 | INFO     | Approved Watcher Agent started
2026-02-05 12:22:21 | INFO     | Watch folder: C:\Users\Admin\OneDrive\Desktop\AI_Employee_Vault\Approved
2026-02-05 12:22:21 | INFO     | Output folder: C:\Users\Admin\OneDrive\Desktop\AI_Employee_Vault\In_Progress
2026-02-05 12:22:21 | INFO     | ============================================================
2026-02-05 12:22:53 | INFO     | ============================================================
2026-02-05 12:22:53 | INFO     | Approved Watcher Agent started
2026-02-05 12:22:53 | INFO     | Watch folder: C:\Users\Admin\OneDrive\Desktop\AI_Employee_Vault\Approved
2026-02-05 12:22:53 | INFO     | Output folder: C:\Users\Admin\OneDrive\Desktop\AI_Employee_Vault\In_Progress
2026-02-05 12:22:53 | INFO     | ============================================================
2026-02-05 12:23:24 | INFO     | ============================================================
2026-02-05 12:23:24 | INFO     | Approved Watcher Agent started
2026-02-05 12:23:24 | INFO     | Watch folder: C:\Users\Admin\OneDrive\Desktop\AI_Employee_Vault\Approved
2026-02-05 12:23:24 | INFO     | Output folder: C:\Users\Admin\OneDrive\Desktop\AI_Employee_Vault\In_Progress
2026-02-05 12:23:24 | INFO     | ============================================================
2026-02-05 12:23:56 | INFO     | ============================================================
2026-02-05 12:23:56 | INFO     | Approved Watcher Agent started
2026-02-05 12:23:56 | INFO     | Watch folder: C:\Users\Admin\OneDrive\Desktop\AI_Employee_Vault\Approved
2026-02-05 12:23:56 | INFO     | Output folder: C:\Users\Admin\OneDrive\Desktop\AI_Employee_Vault\In_Progress
2026-02-05 12:23:56 | INFO     | ============================================================
2026-02-05 12:24:28 | INFO     | ============================================================
2026-02-05 12:24:28 | INFO     | Approved Watcher Agent started
2026-02-05 12:24:28 | INFO     | Watch folder: C:\Users\Admin\OneDrive\Desktop\AI_Employee_Vault\Approved
2026-02-05 12:24:28 | INFO     | Output folder: C:\Users\Admin\OneDrive\Desktop\AI_Employee_Vault\In_Progress
2026-02-05 12:24:28 | INFO     | ============================================================
2026-02-05 12:24:59 | INFO     | ============================================================
2026-02-05 12:24:59 | INFO     | Approved Watcher Agent started
2026-02-05 12:24:59 | INFO     | Watch folder: C:\Users\Admin\OneDrive\Desktop\AI_Employee_Vault\Approved
2026-02-05 12:24:59 | INFO     | Output folder: C:\Users\Admin\OneDrive\Desktop\AI_Employee_Vault\In_Progress
2026-02-05 12:24:59 | INFO     | ============================================================
2026-02-05 12:25:31 | INFO     | ============================================================
2026-02-05 12:25:31 | INFO     | Approved Watcher Agent started
2026-02-05 12:25:31 | INFO     | Watch folder: C:\Users\Admin\OneDrive\Desktop\AI_Employee_Vault\Approved
2026-02-05 12:25:31 | INFO     | Output folder: C:\Users\Admin\OneDrive\Desktop\AI_Employee_Vault\In_Progress
2026-02-05 12:25:31 | INFO     | ============================================================
2026-02-05 12:26:02 | INFO     | ============================================================
2026-02-05 12:26:02 | INFO     | Approved Watcher Agent started
2026-02-05 12:26:02 | INFO     | Watch folder: C:\Users\Admin\OneDrive\Desktop\AI_Employee_Vault\Approved
2026-02-05 12:26:02 | INFO     | Output folder: C:\Users\Admin\OneDrive\Desktop\AI_Employee_Vault\In_Progress
2026-02-05 12:26:02 | INFO     | ============================================================
2026-02-05 12:26:34 | INFO     | ============================================================
2026-02-05 12:26:34 | INFO     | Approved Watcher Agent started
2026-02-05 12:26:34 | INFO     | Watch folder: C:\Users\Admin\OneDrive\Desktop\AI_Employee_Vault\Approved
2026-02-05 12:26:34 | INFO     | Output folder: C:\Users\Admin\OneDrive\Desktop\AI_Employee_Vault\In_Progress
2026-02-05 12:26:34 | INFO     | ============================================================
2026-02-05 12:27:05 | INFO     | ============================================================
2026-02-05 12:27:05 | INFO     | Approved Watcher Agent started
2026-02-05 12:27:05 | INFO     | Watch folder: C:\Users\Admin\OneDrive\Desktop\AI_Employee_Vault\Approved
2026-02-05 12:27:05 | INFO     | Output folder: C:\Users\Admin\OneDrive\Desktop\AI_Employee_Vault\In_Progress
2026-02-05 12:27:05 | INFO     | ============================================================
2026-02-05 12:27:37 | INFO     | ============================================================
2026-02-05 12:27:37 | INFO     | Approved Watcher Agent started
2026-02-05 12:27:37 | INFO     | Watch folder: C:\Users\Admin\OneDrive\Desktop\AI_Employee_Vault\Approved
2026-02-05 12:27:37 | INFO     | Output folder: C:\Users\Admin\OneDrive\Desktop\AI_Employee_Vault\In_Progress
2026-02-05 12:27:37 | INFO     | ============================================================
2026-02-05 12:28:09 | INFO     | ============================================================
2026-02-05 12:28:09 | INFO     | Approved Watcher Agent started
2026-02-05 12:28:09 | INFO     | Watch folder: C:\Users\Admin\OneDrive\Desktop\AI_Employee_Vault\Approved
2026-02-05 12:28:09 | INFO     | Output folder: C:\Users\Admin\OneDrive\Desktop\AI_Employee_Vault\In_Progress
2026-02-05 12:28:09 | INFO     | ============================================================
2026-02-05 12:28:40 | INFO     | ============================================================
2026-02-05 12:28:40 | INFO     | Approved Watcher Agent started
2026-02-05 12:28:40 | INFO     | Watch folder: C:\Users\Admin\OneDrive\Desktop\AI_Employee_Vault\Approved
2026-02-05 12:28:40 | INFO     | Output folder: C:\Users\Admin\OneDrive\Desktop\AI_Employee_Vault\In_Progress
2026-02-05 12:28:40 | INFO     | ============================================================
2026-02-05 12:29:12 | INFO     | ============================================================
2026-02-05 12:29:12 | INFO     | Approved Watcher Agent started
2026-02-05 12:29:12 | INFO     | Watch folder: C:\Users\Admin\OneDrive\Desktop\AI_Employee_Vault\Approved
2026-02-05 12:29:12 | INFO     | Output folder: C:\Users\Admin\OneDrive\Desktop\AI_Employee_Vault\In_Progress
2026-02-05 12:29:12 | INFO     | ============================================================
2026-02-05 12:29:43 | INFO     | ============================================================
2026-02-05 12:29:43 | INFO     | Approved Watcher Agent started
2026-02-05 12:29:43 | INFO     | Watch folder: C:\Users\Admin\OneDrive\Desktop\AI_Employee_Vault\Approved
2026-02-05 12:29:43 | INFO     | Output folder: C:\Users\Admin\OneDrive\Desktop\AI_Employee_Vault\In_Progress
2026-02-05 12:29:43 | INFO     | ============================================================
2026-02-05 12:30:14 | INFO     | ============================================================
2026-02-05 12:30:14 | INFO     | Approved Watcher Agent started
2026-02-05 12:30:14 | INFO     | Watch folder: C:\Users\Admin\OneDrive\Desktop\AI_Employee_Vault\Approved
2026-02-05 12:30:14 | INFO     | Output folder: C:\Users\Admin\OneDrive\Desktop\AI_Employee_Vault\In_Progress
2026-02-05 12:30:14 | INFO     | ============================================================
2026-02-05 12:30:45 | INFO     | ============================================================
2026-02-05 12:30:45 | INFO     | Approved Watcher Agent started
2026-02-05 12:30:45 | INFO     | Watch folder: C:\Users\Admin\OneDrive\Desktop\AI_Employee_Vault\Approved
2026-02-05 12:30:45 | INFO     | Output folder: C:\Users\Admin\OneDrive\Desktop\AI_Employee_Vault\In_Progress
2026-02-05 12:30:45 | INFO     | ============================================================
2026-02-05 12:31:17 | INFO     | ============================================================
2026-02-05 12:31:17 | INFO     | Approved Watcher Agent started
2026-02-05 12:31:17 | INFO     | Watch folder: C:\Users\Admin\OneDrive\Desktop\AI_Employee_Vault\Approved
2026-02-05 12:31:17 | INFO     | Output folder: C:\Users\Admin\OneDrive\Desktop\AI_Employee_Vault\In_Progress
2026-02-05 12:31:17 | INFO     | ============================================================
2026-02-05 12:31:48 | INFO     | ============================================================
2026-02-05 12:31:48 | INFO     | Approved Watcher Agent started
2026-02-05 12:31:48 | INFO     | Watch folder: C:\Users\Admin\OneDrive\Desktop\AI_Employee_Vault\Approved
2026-02-05 12:31:48 | INFO     | Output folder: C:\Users\Admin\OneDrive\Desktop\AI_Employee_Vault\In_Progress
2026-02-05 12:31:48 | INFO     | ============================================================
2026-02-05 12:32:19 | INFO     | ============================================================
2026-02-05 12:32:19 | INFO     | Approved Watcher Agent started
2026-02-05 12:32:19 | INFO     | Watch folder: C:\Users\Admin\OneDrive\Desktop\AI_Employee_Vault\Approved
2026-02-05 12:32:19 | INFO     | Output folder: C:\Users\Admin\OneDrive\Desktop\AI_Employee_Vault\In_Progress
2026-02-05 12:32:19 | INFO     | ============================================================
2026-02-05 12:32:51 | INFO     | ============================================================
2026-02-05 12:32:51 | INFO     | Approved Watcher Agent started
2026-02-05 12:32:51 | INFO     | Watch folder: C:\Users\Admin\OneDrive\Desktop\AI_Employee_Vault\Approved
2026-02-05 12:32:51 | INFO     | Output folder: C:\Users\Admin\OneDrive\Desktop\AI_Employee_Vault\In_Progress
2026-02-05 12:32:51 | INFO     | ============================================================
2026-02-05 12:33:22 | INFO     | ============================================================
2026-02-05 12:33:22 | INFO     | Approved Watcher Agent started
2026-02-05 12:33:22 | INFO     | Watch folder: C:\Users\Admin\OneDrive\Desktop\AI_Employee_Vault\Approved
2026-02-05 12:33:22 | INFO     | Output folder: C:\Users\Admin\OneDrive\Desktop\AI_Employee_Vault\In_Progress
2026-02-05 12:33:22 | INFO     | ============================================================
2026-02-05 12:33:53 | INFO     | ============================================================
2026-02-05 12:33:53 | INFO     | Approved Watcher Agent started
2026-02-05 12:33:53 | INFO     | Watch folder: C:\Users\Admin\OneDrive\Desktop\AI_Employee_Vault\Approved
2026-02-05 12:33:53 | INFO     | Output folder: C:\Users\Admin\OneDrive\Desktop\AI_Employee_Vault\In_Progress
2026-02-05 12:33:53 | INFO     | ============================================================
2026-02-05 12:34:25 | INFO     | ============================================================
2026-02-05 12:34:25 | INFO     | Approved Watcher Agent started
2026-02-05 12:34:25 | INFO     | Watch folder: C:\Users\Admin\OneDrive\Desktop\AI_Employee_Vault\Approved
2026-02-05 12:34:25 | INFO     | Output folder: C:\Users\Admin\OneDrive\Desktop\AI_Employee_Vault\In_Progress
2026-02-05 12:34:25 | INFO     | ============================================================
2026-02-05 12:34:56 | INFO     | ============================================================
2026-02-05 12:34:56 | INFO     | Approved Watcher Agent started
2026-02-05 12:34:56 | INFO     | Watch folder: C:\Users\Admin\OneDrive\Desktop\AI_Employee_Vault\Approved
2026-02-05 12:34:56 | INFO     | Output folder: C:\Users\Admin\OneDrive\Desktop\AI_Employee_Vault\In_Progress
2026-02-05 12:34:56 | INFO     | ============================================================
2026-02-05 12:35:28 | INFO     | ============================================================
2026-02-05 12:35:28 | INFO     | Approved Watcher Agent started
2026-02-05 12:35:28 | INFO     | Watch folder: C:\Users\Admin\OneDrive\Desktop\AI_Employee_Vault\Approved
2026-02-05 12:35:28 | INFO     | Output folder: C:\Users\Admin\OneDrive\Desktop\AI_Employee_Vault\In_Progress
2026-02-05 12:35:28 | INFO     | ============================================================
2026-02-05 12:36:00 | INFO     | ============================================================
2026-02-05 12:36:00 | INFO     | Approved Watcher Agent started
2026-02-05 12:36:00 | INFO     | Watch folder: C:\Users\Admin\OneDrive\Desktop\AI_Employee_Vault\Approved
2026-02-05 12:36:00 | INFO     | Output folder: C:\Users\Admin\OneDrive\Desktop\AI_Employee_Vault\In_Progress
2026-02-05 12:36:00 | INFO     | ============================================================
2026-02-05 12:36:32 | INFO     | ============================================================
2026-02-05 12:36:32 | INFO     | Approved Watcher Agent started
2026-02-05 12:36:32 | INFO     | Watch folder: C:\Users\Admin\OneDrive\Desktop\AI_Employee_Vault\Approved
2026-02-05 12:36:32 | INFO     | Output folder: C:\Users\Admin\OneDrive\Desktop\AI_Employee_Vault\In_Progress
2026-02-05 12:36:32 | INFO     | ============================================================
2026-02-05 12:37:03 | INFO     | ============================================================
2026-02-05 12:37:03 | INFO     | Approved Watcher Agent started
2026-02-05 12:37:03 | INFO     | Watch folder: C:\Users\Admin\OneDrive\Desktop\AI_Employee_Vault\Approved
2026-02-05 12:37:03 | INFO     | Output folder: C:\Users\Admin\OneDrive\Desktop\AI_Employee_Vault\In_Progress
2026-02-05 12:37:03 | INFO     | ============================================================
2026-02-05 12:37:35 | INFO     | ============================================================
2026-02-05 12:37:35 | INFO     | Approved Watcher Agent started
2026-02-05 12:37:35 | INFO     | Watch folder: C:\Users\Admin\OneDrive\Desktop\AI_Employee_Vault\Approved
2026-02-05 12:37:35 | INFO     | Output folder: C:\Users\Admin\OneDrive\Desktop\AI_Employee_Vault\In_Progress
2026-02-05 12:37:35 | INFO     | ============================================================
2026-02-05 12:38:07 | INFO     | ============================================================
2026-02-05 12:38:07 | INFO     | Approved Watcher Agent started
2026-02-05 12:38:07 | INFO     | Watch folder: C:\Users\Admin\OneDrive\Desktop\AI_Employee_Vault\Approved
2026-02-05 12:38:07 | INFO     | Output folder: C:\Users\Admin\OneDrive\Desktop\AI_Employee_Vault\In_Progress
2026-02-05 12:38:07 | INFO     | ============================================================
2026-02-05 12:38:38 | INFO     | ============================================================
2026-02-05 12:38:38 | INFO     | Approved Watcher Agent started
2026-02-05 12:38:38 | INFO     | Watch folder: C:\Users\Admin\OneDrive\Desktop\AI_Employee_Vault\Approved
2026-02-05 12:38:38 | INFO     | Output folder: C:\Users\Admin\OneDrive\Desktop\AI_Employee_Vault\In_Progress
2026-02-05 12:38:38 | INFO     | ============================================================
2026-02-05 12:39:09 | INFO     | ============================================================
2026-02-05 12:39:09 | INFO     | Approved Watcher Agent started
2026-02-05 12:39:09 | INFO     | Watch folder: C:\Users\Admin\OneDrive\Desktop\AI_Employee_Vault\Approved
2026-02-05 12:39:09 | INFO     | Output folder: C:\Users\Admin\OneDrive\Desktop\AI_Employee_Vault\In_Progress
2026-02-05 12:39:09 | INFO     | ============================================================
2026-02-05 12:39:41 | INFO     | ============================================================
2026-02-05 12:39:41 | INFO     | Approved Watcher Agent started
2026-02-05 12:39:41 | INFO     | Watch folder: C:\Users\Admin\OneDrive\Desktop\AI_Employee_Vault\Approved
2026-02-05 12:39:41 | INFO     | Output folder: C:\Users\Admin\OneDrive\Desktop\AI_Employee_Vault\In_Progress
2026-02-05 12:39:41 | INFO     | ============================================================
2026-02-05 12:40:12 | INFO     | ============================================================
2026-02-05 12:40:12 | INFO     | Approved Watcher Agent started
2026-02-05 12:40:12 | INFO     | Watch folder: C:\Users\Admin\OneDrive\Desktop\AI_Employee_Vault\Approved
2026-02-05 12:40:12 | INFO     | Output folder: C:\Users\Admin\OneDrive\Desktop\AI_Employee_Vault\In_Progress
2026-02-05 12:40:12 | INFO     | ============================================================
2026-02-05 12:40:43 | INFO     | ============================================================
2026-02-05 12:40:43 | INFO     | Approved Watcher Agent started
2026-02-05 12:40:43 | INFO     | Watch folder: C:\Users\Admin\OneDrive\Desktop\AI_Employee_Vault\Approved
2026-02-05 12:40:43 | INFO     | Output folder: C:\Users\Admin\OneDrive\Desktop\AI_Employee_Vault\In_Progress
2026-02-05 12:40:43 | INFO     | ============================================================
2026-02-05 12:41:15 | INFO     | ============================================================
2026-02-05 12:41:15 | INFO     | Approved Watcher Agent started
2026-02-05 12:41:15 | INFO     | Watch folder: C:\Users\Admin\OneDrive\Desktop\AI_Employee_Vault\Approved
2026-02-05 12:41:15 | INFO     | Output folder: C:\Users\Admin\OneDrive\Desktop\AI_Employee_Vault\In_Progress
2026-02-05 12:41:15 | INFO     | ============================================================
2026-02-05 12:41:46 | INFO     | ============================================================
2026-02-05 12:41:46 | INFO     | Approved Watcher Agent started
2026-02-05 12:41:46 | INFO     | Watch folder: C:\Users\Admin\OneDrive\Desktop\AI_Employee_Vault\Approved
2026-02-05 12:41:46 | INFO     | Output folder: C:\Users\Admin\OneDrive\Desktop\AI_Employee_Vault\In_Progress
2026-02-05 12:41:46 | INFO     | ============================================================
2026-02-05 12:42:18 | INFO     | ============================================================
2026-02-05 12:42:18 | INFO     | Approved Watcher Agent started
2026-02-05 12:42:18 | INFO     | Watch folder: C:\Users\Admin\OneDrive\Desktop\AI_Employee_Vault\Approved
2026-02-05 12:42:18 | INFO     | Output folder: C:\Users\Admin\OneDrive\Desktop\AI_Employee_Vault\In_Progress
2026-02-05 12:42:18 | INFO     | ============================================================
2026-02-05 12:42:50 | INFO     | ============================================================
2026-02-05 12:42:50 | INFO     | Approved Watcher Agent started
2026-02-05 12:42:50 | INFO     | Watch folder: C:\Users\Admin\OneDrive\Desktop\AI_Employee_Vault\Approved
2026-02-05 12:42:50 | INFO     | Output folder: C:\Users\Admin\OneDrive\Desktop\AI_Employee_Vault\In_Progress
2026-02-05 12:42:50 | INFO     | ============================================================
2026-02-05 12:43:21 | INFO     | ============================================================
2026-02-05 12:43:21 | INFO     | Approved Watcher Agent started
2026-02-05 12:43:21 | INFO     | Watch folder: C:\Users\Admin\OneDrive\Desktop\AI_Employee_Vault\Approved
2026-02-05 12:43:21 | INFO     | Output folder: C:\Users\Admin\OneDrive\Desktop\AI_Employee_Vault\In_Progress
2026-02-05 12:43:21 | INFO     | ============================================================
2026-02-05 12:43:53 | INFO     | ============================================================
2026-02-05 12:43:53 | INFO     | Approved Watcher Agent started
2026-02-05 12:43:53 | INFO     | Watch folder: C:\Users\Admin\OneDrive\Desktop\AI_Employee_Vault\Approved
2026-02-05 12:43:53 | INFO     | Output folder: C:\Users\Admin\OneDrive\Desktop\AI_Employee_Vault\In_Progress
2026-02-05 12:43:53 | INFO     | ============================================================
2026-02-05 12:44:24 | INFO     | ============================================================
2026-02-05 12:44:24 | INFO     | Approved Watcher Agent started
2026-02-05 12:44:24 | INFO     | Watch folder: C:\Users\Admin\OneDrive\Desktop\AI_Employee_Vault\Approved
2026-02-05 12:44:24 | INFO     | Output folder: C:\Users\Admin\OneDrive\Desktop\AI_Employee_Vault\In_Progress
2026-02-05 12:44:24 | INFO     | ============================================================
2026-02-05 12:44:55 | INFO     | ============================================================
2026-02-05 12:44:55 | INFO     | Approved Watcher Agent started
2026-02-05 12:44:55 | INFO     | Watch folder: C:\Users\Admin\OneDrive\Desktop\AI_Employee_Vault\Approved
2026-02-05 12:44:55 | INFO     | Output folder: C:\Users\Admin\OneDrive\Desktop\AI_Employee_Vault\In_Progress
2026-02-05 12:44:55 | INFO     | ============================================================
2026-02-05 12:45:27 | INFO     | ============================================================
2026-02-05 12:45:27 | INFO     | Approved Watcher Agent started
2026-02-05 12:45:27 | INFO     | Watch folder: C:\Users\Admin\OneDrive\Desktop\AI_Employee_Vault\Approved
2026-02-05 12:45:27 | INFO     | Output folder: C:\Users\Admin\OneDrive\Desktop\AI_Employee_Vault\In_Progress
2026-02-05 12:45:27 | INFO     | ============================================================
2026-02-05 12:45:58 | INFO     | ============================================================
2026-02-05 12:45:58 | INFO     | Approved Watcher Agent started
2026-02-05 12:45:58 | INFO     | Watch folder: C:\Users\Admin\OneDrive\Desktop\AI_Employee_Vault\Approved
2026-02-05 12:45:58 | INFO     | Output folder: C:\Users\Admin\OneDrive\Desktop\AI_Employee_Vault\In_Progress
2026-02-05 12:45:58 | INFO     | ============================================================
2026-02-05 12:46:29 | INFO     | ============================================================
2026-02-05 12:46:29 | INFO     | Approved Watcher Agent started
2026-02-05 12:46:29 | INFO     | Watch folder: C:\Users\Admin\OneDrive\Desktop\AI_Employee_Vault\Approved
2026-02-05 12:46:29 | INFO     | Output folder: C:\Users\Admin\OneDrive\Desktop\AI_Employee_Vault\In_Progress
2026-02-05 12:46:29 | INFO     | ============================================================
2026-02-05 12:47:01 | INFO     | ============================================================
2026-02-05 12:47:01 | INFO     | Approved Watcher Agent started
2026-02-05 12:47:01 | INFO     | Watch folder: C:\Users\Admin\OneDrive\Desktop\AI_Employee_Vault\Approved
2026-02-05 12:47:01 | INFO     | Output folder: C:\Users\Admin\OneDrive\Desktop\AI_Employee_Vault\In_Progress
2026-02-05 12:47:01 | INFO     | ============================================================
2026-02-05 12:47:32 | INFO     | ============================================================
2026-02-05 12:47:32 | INFO     | Approved Watcher Agent started
2026-02-05 12:47:32 | INFO     | Watch folder: C:\Users\Admin\OneDrive\Desktop\AI_Employee_Vault\Approved
2026-02-05 12:47:32 | INFO     | Output folder: C:\Users\Admin\OneDrive\Desktop\AI_Employee_Vault\In_Progress
2026-02-05 12:47:32 | INFO     | ============================================================
2026-02-05 12:48:03 | INFO     | ============================================================
2026-02-05 12:48:03 | INFO     | Approved Watcher Agent started
2026-02-05 12:48:03 | INFO     | Watch folder: C:\Users\Admin\OneDrive\Desktop\AI_Employee_Vault\Approved
2026-02-05 12:48:03 | INFO     | Output folder: C:\Users\Admin\OneDrive\Desktop\AI_Employee_Vault\In_Progress
2026-02-05 12:48:03 | INFO     | ============================================================
2026-02-05 12:48:34 | INFO     | ============================================================
2026-02-05 12:48:34 | INFO     | Approved Watcher Agent started
2026-02-05 12:48:34 | INFO     | Watch folder: C:\Users\Admin\OneDrive\Desktop\AI_Employee_Vault\Approved
2026-02-05 12:48:34 | INFO     | Output folder: C:\Users\Admin\OneDrive\Desktop\AI_Employee_Vault\In_Progress
2026-02-05 12:48:34 | INFO     | ============================================================
2026-02-05 12:49:06 | INFO     | ============================================================
2026-02-05 12:49:06 | INFO     | Approved Watcher Agent started
2026-02-05 12:49:06 | INFO     | Watch folder: C:\Users\Admin\OneDrive\Desktop\AI_Employee_Vault\Approved
2026-02-05 12:49:06 | INFO     | Output folder: C:\Users\Admin\OneDrive\Desktop\AI_Employee_Vault\In_Progress
2026-02-05 12:49:06 | INFO     | ============================================================
2026-02-05 12:49:37 | INFO     | ============================================================
2026-02-05 12:49:37 | INFO     | Approved Watcher Agent started
2026-02-05 12:49:37 | INFO     | Watch folder: C:\Users\Admin\OneDrive\Desktop\AI_Employee_Vault\Approved
2026-02-05 12:49:37 | INFO     | Output folder: C:\Users\Admin\OneDrive\Desktop\AI_Employee_Vault\In_Progress
2026-02-05 12:49:37 | INFO     | ============================================================
2026-02-05 12:50:08 | INFO     | ============================================================
2026-02-05 12:50:08 | INFO     | Approved Watcher Agent started
2026-02-05 12:50:08 | INFO     | Watch folder: C:\Users\Admin\OneDrive\Desktop\AI_Employee_Vault\Approved
2026-02-05 12:50:08 | INFO     | Output folder: C:\Users\Admin\OneDrive\Desktop\AI_Employee_Vault\In_Progress
2026-02-05 12:50:08 | INFO     | ============================================================
2026-02-05 12:50:40 | INFO     | ============================================================
2026-02-05 12:50:40 | INFO     | Approved Watcher Agent started
2026-02-05 12:50:40 | INFO     | Watch folder: C:\Users\Admin\OneDrive\Desktop\AI_Employee_Vault\Approved
2026-02-05 12:50:40 | INFO     | Output folder: C:\Users\Admin\OneDrive\Desktop\AI_Employee_Vault\In_Progress
2026-02-05 12:50:40 | INFO     | ============================================================
2026-02-05 12:51:11 | INFO     | ============================================================
2026-02-05 12:51:11 | INFO     | Approved Watcher Agent started
2026-02-05 12:51:11 | INFO     | Watch folder: C:\Users\Admin\OneDrive\Desktop\AI_Employee_Vault\Approved
2026-02-05 12:51:11 | INFO     | Output folder: C:\Users\Admin\OneDrive\Desktop\AI_Employee_Vault\In_Progress
2026-02-05 12:51:11 | INFO     | ============================================================
2026-02-05 12:51:43 | INFO     | ============================================================
2026-02-05 12:51:43 | INFO     | Approved Watcher Agent started
2026-02-05 12:51:43 | INFO     | Watch folder: C:\Users\Admin\OneDrive\Desktop\AI_Employee_Vault\Approved
2026-02-05 12:51:43 | INFO     | Output folder: C:\Users\Admin\OneDrive\Desktop\AI_Employee_Vault\In_Progress
2026-02-05 12:51:43 | INFO     | ============================================================
2026-02-05 12:52:14 | INFO     | ============================================================
2026-02-05 12:52:14 | INFO     | Approved Watcher Agent started
2026-02-05 12:52:14 | INFO     | Watch folder: C:\Users\Admin\OneDrive\Desktop\AI_Employee_Vault\Approved
2026-02-05 12:52:14 | INFO     | Output folder: C:\Users\Admin\OneDrive\Desktop\AI_Employee_Vault\In_Progress
2026-02-05 12:52:14 | INFO     | ============================================================
2026-02-05 12:52:46 | INFO     | ============================================================
2026-02-05 12:52:46 | INFO     | Approved Watcher Agent started
2026-02-05 12:52:46 | INFO     | Watch folder: C:\Users\Admin\OneDrive\Desktop\AI_Employee_Vault\Approved
2026-02-05 12:52:46 | INFO     | Output folder: C:\Users\Admin\OneDrive\Desktop\AI_Employee_Vault\In_Progress
2026-02-05 12:52:46 | INFO     | ============================================================
2026-02-05 12:53:17 | INFO     | ============================================================
2026-02-05 12:53:17 | INFO     | Approved Watcher Agent started
2026-02-05 12:53:17 | INFO     | Watch folder: C:\Users\Admin\OneDrive\Desktop\AI_Employee_Vault\Approved
2026-02-05 12:53:17 | INFO     | Output folder: C:\Users\Admin\OneDrive\Desktop\AI_Employee_Vault\In_Progress
2026-02-05 12:53:17 | INFO     | ============================================================
2026-02-05 12:53:48 | INFO     | ============================================================
2026-02-05 12:53:48 | INFO     | Approved Watcher Agent started
2026-02-05 12:53:48 | INFO     | Watch folder: C:\Users\Admin\OneDrive\Desktop\AI_Employee_Vault\Approved
2026-02-05 12:53:48 | INFO     | Output folder: C:\Users\Admin\OneDrive\Desktop\AI_Employee_Vault\In_Progress
2026-02-05 12:53:48 | INFO     | ============================================================
2026-02-05 12:54:20 | INFO     | ============================================================
2026-02-05 12:54:20 | INFO     | Approved Watcher Agent started
2026-02-05 12:54:20 | INFO     | Watch folder: C:\Users\Admin\OneDrive\Desktop\AI_Employee_Vault\Approved
2026-02-05 12:54:20 | INFO     | Output folder: C:\Users\Admin\OneDrive\Desktop\AI_Employee_Vault\In_Progress
2026-02-05 12:54:20 | INFO     | ============================================================
2026-02-05 12:54:51 | INFO     | ============================================================
2026-02-05 12:54:51 | INFO     | Approved Watcher Agent started
2026-02-05 12:54:51 | INFO     | Watch folder: C:\Users\Admin\OneDrive\Desktop\AI_Employee_Vault\Approved
2026-02-05 12:54:51 | INFO     | Output folder: C:\Users\Admin\OneDrive\Desktop\AI_Employee_Vault\In_Progress
2026-02-05 12:54:51 | INFO     | ============================================================
2026-02-05 12:55:22 | INFO     | ============================================================
2026-02-05 12:55:22 | INFO     | Approved Watcher Agent started
2026-02-05 12:55:22 | INFO     | Watch folder: C:\Users\Admin\OneDrive\Desktop\AI_Employee_Vault\Approved
2026-02-05 12:55:22 | INFO     | Output folder: C:\Users\Admin\OneDrive\Desktop\AI_Employee_Vault\In_Progress
2026-02-05 12:55:22 | INFO     | ============================================================
2026-02-05 12:55:54 | INFO     | ============================================================
2026-02-05 12:55:54 | INFO     | Approved Watcher Agent started
2026-02-05 12:55:54 | INFO     | Watch folder: C:\Users\Admin\OneDrive\Desktop\AI_Employee_Vault\Approved
2026-02-05 12:55:54 | INFO     | Output folder: C:\Users\Admin\OneDrive\Desktop\AI_Employee_Vault\In_Progress
2026-02-05 12:55:54 | INFO     | ============================================================
2026-02-05 12:56:26 | INFO     | ============================================================
2026-02-05 12:56:26 | INFO     | Approved Watcher Agent started
2026-02-05 12:56:26 | INFO     | Watch folder: C:\Users\Admin\OneDrive\Desktop\AI_Employee_Vault\Approved
2026-02-05 12:56:26 | INFO     | Output folder: C:\Users\Admin\OneDrive\Desktop\AI_Employee_Vault\In_Progress
2026-02-05 12:56:26 | INFO     | ============================================================
2026-02-05 12:56:57 | INFO     | ============================================================
2026-02-05 12:56:57 | INFO     | Approved Watcher Agent started
2026-02-05 12:56:57 | INFO     | Watch folder: C:\Users\Admin\OneDrive\Desktop\AI_Employee_Vault\Approved
2026-02-05 12:56:57 | INFO     | Output folder: C:\Users\Admin\OneDrive\Desktop\AI_Employee_Vault\In_Progress
2026-02-05 12:56:57 | INFO     | ============================================================
2026-02-05 12:57:28 | INFO     | ============================================================
2026-02-05 12:57:28 | INFO     | Approved Watcher Agent started
2026-02-05 12:57:28 | INFO     | Watch folder: C:\Users\Admin\OneDrive\Desktop\AI_Employee_Vault\Approved
2026-02-05 12:57:28 | INFO     | Output folder: C:\Users\Admin\OneDrive\Desktop\AI_Employee_Vault\In_Progress
2026-02-05 12:57:28 | INFO     | ============================================================
2026-02-05 12:58:00 | INFO     | ============================================================
2026-02-05 12:58:00 | INFO     | Approved Watcher Agent started
2026-02-05 12:58:00 | INFO     | Watch folder: C:\Users\Admin\OneDrive\Desktop\AI_Employee_Vault\Approved
2026-02-05 12:58:00 | INFO     | Output folder: C:\Users\Admin\OneDrive\Desktop\AI_Employee_Vault\In_Progress
2026-02-05 12:58:00 | INFO     | ============================================================
2026-02-05 12:58:33 | INFO     | ============================================================
2026-02-05 12:58:33 | INFO     | Approved Watcher Agent started
2026-02-05 12:58:33 | INFO     | Watch folder: C:\Users\Admin\OneDrive\Desktop\AI_Employee_Vault\Approved
2026-02-05 12:58:33 | INFO     | Output folder: C:\Users\Admin\OneDrive\Desktop\AI_Employee_Vault\In_Progress
2026-02-05 12:58:33 | INFO     | ============================================================
2026-02-05 12:59:06 | INFO     | ============================================================
2026-02-05 12:59:06 | INFO     | Approved Watcher Agent started
2026-02-05 12:59:06 | INFO     | Watch folder: C:\Users\Admin\OneDrive\Desktop\AI_Employee_Vault\Approved
2026-02-05 12:59:06 | INFO     | Output folder: C:\Users\Admin\OneDrive\Desktop\AI_Employee_Vault\In_Progress
2026-02-05 12:59:06 | INFO     | ============================================================
2026-02-05 12:59:37 | INFO     | ============================================================
2026-02-05 12:59:37 | INFO     | Approved Watcher Agent started
2026-02-05 12:59:37 | INFO     | Watch folder: C:\Users\Admin\OneDrive\Desktop\AI_Employee_Vault\Approved
2026-02-05 12:59:37 | INFO     | Output folder: C:\Users\Admin\OneDrive\Desktop\AI_Employee_Vault\In_Progress
2026-02-05 12:59:37 | INFO     | ============================================================
2026-02-05 13:00:09 | INFO     | ============================================================
2026-02-05 13:00:09 | INFO     | Approved Watcher Agent started
2026-02-05 13:00:09 | INFO     | Watch folder: C:\Users\Admin\OneDrive\Desktop\AI_Employee_Vault\Approved
2026-02-05 13:00:09 | INFO     | Output folder: C:\Users\Admin\OneDrive\Desktop\AI_Employee_Vault\In_Progress
2026-02-05 13:00:09 | INFO     | ============================================================
2026-02-05 13:00:40 | INFO     | ============================================================
2026-02-05 13:00:40 | INFO     | Approved Watcher Agent started
2026-02-05 13:00:40 | INFO     | Watch folder: C:\Users\Admin\OneDrive\Desktop\AI_Employee_Vault\Approved
2026-02-05 13:00:40 | INFO     | Output folder: C:\Users\Admin\OneDrive\Desktop\AI_Employee_Vault\In_Progress
2026-02-05 13:00:40 | INFO     | ============================================================
2026-02-05 13:01:11 | INFO     | ============================================================
2026-02-05 13:01:11 | INFO     | Approved Watcher Agent started
2026-02-05 13:01:11 | INFO     | Watch folder: C:\Users\Admin\OneDrive\Desktop\AI_Employee_Vault\Approved
2026-02-05 13:01:11 | INFO     | Output folder: C:\Users\Admin\OneDrive\Desktop\AI_Employee_Vault\In_Progress
2026-02-05 13:01:11 | INFO     | ============================================================
2026-02-05 13:01:43 | INFO     | ============================================================
2026-02-05 13:01:43 | INFO     | Approved Watcher Agent started
2026-02-05 13:01:43 | INFO     | Watch folder: C:\Users\Admin\OneDrive\Desktop\AI_Employee_Vault\Approved
2026-02-05 13:01:43 | INFO     | Output folder: C:\Users\Admin\OneDrive\Desktop\AI_Employee_Vault\In_Progress
2026-02-05 13:01:43 | INFO     | ============================================================
2026-02-05 13:02:14 | INFO     | ============================================================
2026-02-05 13:02:14 | INFO     | Approved Watcher Agent started
2026-02-05 13:02:14 | INFO     | Watch folder: C:\Users\Admin\OneDrive\Desktop\AI_Employee_Vault\Approved
2026-02-05 13:02:14 | INFO     | Output folder: C:\Users\Admin\OneDrive\Desktop\AI_Employee_Vault\In_Progress
2026-02-05 13:02:14 | INFO     | ============================================================
2026-02-05 13:02:45 | INFO     | ============================================================
2026-02-05 13:02:45 | INFO     | Approved Watcher Agent started
2026-02-05 13:02:45 | INFO     | Watch folder: C:\Users\Admin\OneDrive\Desktop\AI_Employee_Vault\Approved
2026-02-05 13:02:45 | INFO     | Output folder: C:\Users\Admin\OneDrive\Desktop\AI_Employee_Vault\In_Progress
2026-02-05 13:02:45 | INFO     | ============================================================
2026-02-05 13:03:17 | INFO     | ============================================================
2026-02-05 13:03:17 | INFO     | Approved Watcher Agent started
2026-02-05 13:03:17 | INFO     | Watch folder: C:\Users\Admin\OneDrive\Desktop\AI_Employee_Vault\Approved
2026-02-05 13:03:17 | INFO     | Output folder: C:\Users\Admin\OneDrive\Desktop\AI_Employee_Vault\In_Progress
2026-02-05 13:03:17 | INFO     | ============================================================
2026-02-05 13:03:48 | INFO     | ============================================================
2026-02-05 13:03:48 | INFO     | Approved Watcher Agent started
2026-02-05 13:03:48 | INFO     | Watch folder: C:\Users\Admin\OneDrive\Desktop\AI_Employee_Vault\Approved
2026-02-05 13:03:48 | INFO     | Output folder: C:\Users\Admin\OneDrive\Desktop\AI_Employee_Vault\In_Progress
2026-02-05 13:03:48 | INFO     | ============================================================
2026-02-05 13:04:19 | INFO     | ============================================================
2026-02-05 13:04:19 | INFO     | Approved Watcher Agent started
2026-02-05 13:04:19 | INFO     | Watch folder: C:\Users\Admin\OneDrive\Desktop\AI_Employee_Vault\Approved
2026-02-05 13:04:19 | INFO     | Output folder: C:\Users\Admin\OneDrive\Desktop\AI_Employee_Vault\In_Progress
2026-02-05 13:04:19 | INFO     | ============================================================
2026-02-05 13:04:50 | INFO     | ============================================================
2026-02-05 13:04:50 | INFO     | Approved Watcher Agent started
2026-02-05 13:04:50 | INFO     | Watch folder: C:\Users\Admin\OneDrive\Desktop\AI_Employee_Vault\Approved
2026-02-05 13:04:50 | INFO     | Output folder: C:\Users\Admin\OneDrive\Desktop\AI_Employee_Vault\In_Progress
2026-02-05 13:04:50 | INFO     | ============================================================
2026-02-05 13:05:22 | INFO     | ============================================================
2026-02-05 13:05:22 | INFO     | Approved Watcher Agent started
2026-02-05 13:05:22 | INFO     | Watch folder: C:\Users\Admin\OneDrive\Desktop\AI_Employee_Vault\Approved
2026-02-05 13:05:22 | INFO     | Output folder: C:\Users\Admin\OneDrive\Desktop\AI_Employee_Vault\In_Progress
2026-02-05 13:05:22 | INFO     | ============================================================
2026-02-05 13:05:53 | INFO     | ============================================================
2026-02-05 13:05:53 | INFO     | Approved Watcher Agent started
2026-02-05 13:05:53 | INFO     | Watch folder: C:\Users\Admin\OneDrive\Desktop\AI_Employee_Vault\Approved
2026-02-05 13:05:53 | INFO     | Output folder: C:\Users\Admin\OneDrive\Desktop\AI_Employee_Vault\In_Progress
2026-02-05 13:05:53 | INFO     | ============================================================
2026-02-05 13:06:24 | INFO     | ============================================================
2026-02-05 13:06:24 | INFO     | Approved Watcher Agent started
2026-02-05 13:06:24 | INFO     | Watch folder: C:\Users\Admin\OneDrive\Desktop\AI_Employee_Vault\Approved
2026-02-05 13:06:24 | INFO     | Output folder: C:\Users\Admin\OneDrive\Desktop\AI_Employee_Vault\In_Progress
2026-02-05 13:06:24 | INFO     | ============================================================
2026-02-05 13:06:55 | INFO     | ============================================================
2026-02-05 13:06:55 | INFO     | Approved Watcher Agent started
2026-02-05 13:06:55 | INFO     | Watch folder: C:\Users\Admin\OneDrive\Desktop\AI_Employee_Vault\Approved
2026-02-05 13:06:55 | INFO     | Output folder: C:\Users\Admin\OneDrive\Desktop\AI_Employee_Vault\In_Progress
2026-02-05 13:06:55 | INFO     | ============================================================
2026-02-05 13:07:26 | INFO     | ============================================================
2026-02-05 13:07:26 | INFO     | Approved Watcher Agent started
2026-02-05 13:07:26 | INFO     | Watch folder: C:\Users\Admin\OneDrive\Desktop\AI_Employee_Vault\Approved
2026-02-05 13:07:26 | INFO     | Output folder: C:\Users\Admin\OneDrive\Desktop\AI_Employee_Vault\In_Progress
2026-02-05 13:07:26 | INFO     | ============================================================
2026-02-05 13:07:58 | INFO     | ============================================================
2026-02-05 13:07:58 | INFO     | Approved Watcher Agent started
2026-02-05 13:07:58 | INFO     | Watch folder: C:\Users\Admin\OneDrive\Desktop\AI_Employee_Vault\Approved
2026-02-05 13:07:58 | INFO     | Output folder: C:\Users\Admin\OneDrive\Desktop\AI_Employee_Vault\In_Progress
2026-02-05 13:07:58 | INFO     | ============================================================
2026-02-05 13:08:29 | INFO     | ============================================================
2026-02-05 13:08:29 | INFO     | Approved Watcher Agent started
2026-02-05 13:08:29 | INFO     | Watch folder: C:\Users\Admin\OneDrive\Desktop\AI_Employee_Vault\Approved
2026-02-05 13:08:29 | INFO     | Output folder: C:\Users\Admin\OneDrive\Desktop\AI_Employee_Vault\In_Progress
2026-02-05 13:08:29 | INFO     | ============================================================
2026-02-05 13:09:00 | INFO     | ============================================================
2026-02-05 13:09:00 | INFO     | Approved Watcher Agent started
2026-02-05 13:09:00 | INFO     | Watch folder: C:\Users\Admin\OneDrive\Desktop\AI_Employee_Vault\Approved
2026-02-05 13:09:00 | INFO     | Output folder: C:\Users\Admin\OneDrive\Desktop\AI_Employee_Vault\In_Progress
2026-02-05 13:09:00 | INFO     | ============================================================
2026-02-05 13:09:31 | INFO     | ============================================================
2026-02-05 13:09:31 | INFO     | Approved Watcher Agent started
2026-02-05 13:09:31 | INFO     | Watch folder: C:\Users\Admin\OneDrive\Desktop\AI_Employee_Vault\Approved
2026-02-05 13:09:31 | INFO     | Output folder: C:\Users\Admin\OneDrive\Desktop\AI_Employee_Vault\In_Progress
2026-02-05 13:09:31 | INFO     | ============================================================
2026-02-05 13:10:03 | INFO     | ============================================================
2026-02-05 13:10:03 | INFO     | Approved Watcher Agent started
2026-02-05 13:10:03 | INFO     | Watch folder: C:\Users\Admin\OneDrive\Desktop\AI_Employee_Vault\Approved
2026-02-05 13:10:03 | INFO     | Output folder: C:\Users\Admin\OneDrive\Desktop\AI_Employee_Vault\In_Progress
2026-02-05 13:10:03 | INFO     | ============================================================
2026-02-05 13:10:34 | INFO     | ============================================================
2026-02-05 13:10:34 | INFO     | Approved Watcher Agent started
2026-02-05 13:10:34 | INFO     | Watch folder: C:\Users\Admin\OneDrive\Desktop\AI_Employee_Vault\Approved
2026-02-05 13:10:34 | INFO     | Output folder: C:\Users\Admin\OneDrive\Desktop\AI_Employee_Vault\In_Progress
2026-02-05 13:10:34 | INFO     | ============================================================
2026-02-05 13:11:05 | INFO     | ============================================================
2026-02-05 13:11:05 | INFO     | Approved Watcher Agent started
2026-02-05 13:11:05 | INFO     | Watch folder: C:\Users\Admin\OneDrive\Desktop\AI_Employee_Vault\Approved
2026-02-05 13:11:05 | INFO     | Output folder: C:\Users\Admin\OneDrive\Desktop\AI_Employee_Vault\In_Progress
2026-02-05 13:11:05 | INFO     | ============================================================
2026-02-05 13:11:37 | INFO     | ============================================================
2026-02-05 13:11:37 | INFO     | Approved Watcher Agent started
2026-02-05 13:11:37 | INFO     | Watch folder: C:\Users\Admin\OneDrive\Desktop\AI_Employee_Vault\Approved
2026-02-05 13:11:37 | INFO     | Output folder: C:\Users\Admin\OneDrive\Desktop\AI_Employee_Vault\In_Progress
2026-02-05 13:11:37 | INFO     | ============================================================
2026-02-05 13:12:08 | INFO     | ============================================================
2026-02-05 13:12:08 | INFO     | Approved Watcher Agent started
2026-02-05 13:12:08 | INFO     | Watch folder: C:\Users\Admin\OneDrive\Desktop\AI_Employee_Vault\Approved
2026-02-05 13:12:08 | INFO     | Output folder: C:\Users\Admin\OneDrive\Desktop\AI_Employee_Vault\In_Progress
2026-02-05 13:12:08 | INFO     | ============================================================
2026-02-05 13:12:40 | INFO     | ============================================================
2026-02-05 13:12:40 | INFO     | Approved Watcher Agent started
2026-02-05 13:12:40 | INFO     | Watch folder: C:\Users\Admin\OneDrive\Desktop\AI_Employee_Vault\Approved
2026-02-05 13:12:40 | INFO     | Output folder: C:\Users\Admin\OneDrive\Desktop\AI_Employee_Vault\In_Progress
2026-02-05 13:12:40 | INFO     | ============================================================
2026-02-05 13:13:11 | INFO     | ============================================================
2026-02-05 13:13:11 | INFO     | Approved Watcher Agent started
2026-02-05 13:13:11 | INFO     | Watch folder: C:\Users\Admin\OneDrive\Desktop\AI_Employee_Vault\Approved
2026-02-05 13:13:11 | INFO     | Output folder: C:\Users\Admin\OneDrive\Desktop\AI_Employee_Vault\In_Progress
2026-02-05 13:13:11 | INFO     | ============================================================
2026-02-05 13:13:42 | INFO     | ============================================================
2026-02-05 13:13:42 | INFO     | Approved Watcher Agent started
2026-02-05 13:13:42 | INFO     | Watch folder: C:\Users\Admin\OneDrive\Desktop\AI_Employee_Vault\Approved
2026-02-05 13:13:42 | INFO     | Output folder: C:\Users\Admin\OneDrive\Desktop\AI_Employee_Vault\In_Progress
2026-02-05 13:13:42 | INFO     | ============================================================
2026-02-05 13:14:14 | INFO     | ============================================================
2026-02-05 13:14:14 | INFO     | Approved Watcher Agent started
2026-02-05 13:14:14 | INFO     | Watch folder: C:\Users\Admin\OneDrive\Desktop\AI_Employee_Vault\Approved
2026-02-05 13:14:14 | INFO     | Output folder: C:\Users\Admin\OneDrive\Desktop\AI_Employee_Vault\In_Progress
2026-02-05 13:14:14 | INFO     | ============================================================
2026-02-05 13:14:45 | INFO     | ============================================================
2026-02-05 13:14:45 | INFO     | Approved Watcher Agent started
2026-02-05 13:14:45 | INFO     | Watch folder: C:\Users\Admin\OneDrive\Desktop\AI_Employee_Vault\Approved
2026-02-05 13:14:45 | INFO     | Output folder: C:\Users\Admin\OneDrive\Desktop\AI_Employee_Vault\In_Progress
2026-02-05 13:14:45 | INFO     | ============================================================
2026-02-05 13:15:16 | INFO     | ============================================================
2026-02-05 13:15:16 | INFO     | Approved Watcher Agent started
2026-02-05 13:15:16 | INFO     | Watch folder: C:\Users\Admin\OneDrive\Desktop\AI_Employee_Vault\Approved
2026-02-05 13:15:16 | INFO     | Output folder: C:\Users\Admin\OneDrive\Desktop\AI_Employee_Vault\In_Progress
2026-02-05 13:15:16 | INFO     | ============================================================
2026-02-05 13:15:47 | INFO     | ============================================================
2026-02-05 13:15:47 | INFO     | Approved Watcher Agent started
2026-02-05 13:15:47 | INFO     | Watch folder: C:\Users\Admin\OneDrive\Desktop\AI_Employee_Vault\Approved
2026-02-05 13:15:47 | INFO     | Output folder: C:\Users\Admin\OneDrive\Desktop\AI_Employee_Vault\In_Progress
2026-02-05 13:15:47 | INFO     | ============================================================
2026-02-05 13:16:19 | INFO     | ============================================================
2026-02-05 13:16:19 | INFO     | Approved Watcher Agent started
2026-02-05 13:16:19 | INFO     | Watch folder: C:\Users\Admin\OneDrive\Desktop\AI_Employee_Vault\Approved
2026-02-05 13:16:19 | INFO     | Output folder: C:\Users\Admin\OneDrive\Desktop\AI_Employee_Vault\In_Progress
2026-02-05 13:16:19 | INFO     | ============================================================
2026-02-05 13:16:50 | INFO     | ============================================================
2026-02-05 13:16:50 | INFO     | Approved Watcher Agent started
2026-02-05 13:16:50 | INFO     | Watch folder: C:\Users\Admin\OneDrive\Desktop\AI_Employee_Vault\Approved
2026-02-05 13:16:50 | INFO     | Output folder: C:\Users\Admin\OneDrive\Desktop\AI_Employee_Vault\In_Progress
2026-02-05 13:16:50 | INFO     | ============================================================
2026-02-05 13:17:22 | INFO     | ============================================================
2026-02-05 13:17:22 | INFO     | Approved Watcher Agent started
2026-02-05 13:17:22 | INFO     | Watch folder: C:\Users\Admin\OneDrive\Desktop\AI_Employee_Vault\Approved
2026-02-05 13:17:22 | INFO     | Output folder: C:\Users\Admin\OneDrive\Desktop\AI_Employee_Vault\In_Progress
2026-02-05 13:17:22 | INFO     | ============================================================
2026-02-05 13:17:53 | INFO     | ============================================================
2026-02-05 13:17:53 | INFO     | Approved Watcher Agent started
2026-02-05 13:17:53 | INFO     | Watch folder: C:\Users\Admin\OneDrive\Desktop\AI_Employee_Vault\Approved
2026-02-05 13:17:53 | INFO     | Output folder: C:\Users\Admin\OneDrive\Desktop\AI_Employee_Vault\In_Progress
2026-02-05 13:17:53 | INFO     | ============================================================
2026-02-05 13:18:24 | INFO     | ============================================================
2026-02-05 13:18:24 | INFO     | Approved Watcher Agent started
2026-02-05 13:18:24 | INFO     | Watch folder: C:\Users\Admin\OneDrive\Desktop\AI_Employee_Vault\Approved
2026-02-05 13:18:24 | INFO     | Output folder: C:\Users\Admin\OneDrive\Desktop\AI_Employee_Vault\In_Progress
2026-02-05 13:18:24 | INFO     | ============================================================
2026-02-05 13:18:56 | INFO     | ============================================================
2026-02-05 13:18:56 | INFO     | Approved Watcher Agent started
2026-02-05 13:18:56 | INFO     | Watch folder: C:\Users\Admin\OneDrive\Desktop\AI_Employee_Vault\Approved
2026-02-05 13:18:56 | INFO     | Output folder: C:\Users\Admin\OneDrive\Desktop\AI_Employee_Vault\In_Progress
2026-02-05 13:18:56 | INFO     | ============================================================
2026-02-05 13:19:27 | INFO     | ============================================================
2026-02-05 13:19:27 | INFO     | Approved Watcher Agent started
2026-02-05 13:19:27 | INFO     | Watch folder: C:\Users\Admin\OneDrive\Desktop\AI_Employee_Vault\Approved
2026-02-05 13:19:27 | INFO     | Output folder: C:\Users\Admin\OneDrive\Desktop\AI_Employee_Vault\In_Progress
2026-02-05 13:19:27 | INFO     | ============================================================
2026-02-05 13:19:59 | INFO     | ============================================================
2026-02-05 13:19:59 | INFO     | Approved Watcher Agent started
2026-02-05 13:19:59 | INFO     | Watch folder: C:\Users\Admin\OneDrive\Desktop\AI_Employee_Vault\Approved
2026-02-05 13:19:59 | INFO     | Output folder: C:\Users\Admin\OneDrive\Desktop\AI_Employee_Vault\In_Progress
2026-02-05 13:19:59 | INFO     | ============================================================
2026-02-05 13:20:30 | INFO     | ============================================================
2026-02-05 13:20:30 | INFO     | Approved Watcher Agent started
2026-02-05 13:20:30 | INFO     | Watch folder: C:\Users\Admin\OneDrive\Desktop\AI_Employee_Vault\Approved
2026-02-05 13:20:30 | INFO     | Output folder: C:\Users\Admin\OneDrive\Desktop\AI_Employee_Vault\In_Progress
2026-02-05 13:20:30 | INFO     | ============================================================
2026-02-05 13:21:03 | INFO     | ============================================================
2026-02-05 13:21:03 | INFO     | Approved Watcher Agent started
2026-02-05 13:21:03 | INFO     | Watch folder: C:\Users\Admin\OneDrive\Desktop\AI_Employee_Vault\Approved
2026-02-05 13:21:03 | INFO     | Output folder: C:\Users\Admin\OneDrive\Desktop\AI_Employee_Vault\In_Progress
2026-02-05 13:21:03 | INFO     | ============================================================
2026-02-05 13:21:34 | INFO     | ============================================================
2026-02-05 13:21:34 | INFO     | Approved Watcher Agent started
2026-02-05 13:21:34 | INFO     | Watch folder: C:\Users\Admin\OneDrive\Desktop\AI_Employee_Vault\Approved
2026-02-05 13:21:34 | INFO     | Output folder: C:\Users\Admin\OneDrive\Desktop\AI_Employee_Vault\In_Progress
2026-02-05 13:21:34 | INFO     | ============================================================
2026-02-05 13:22:05 | INFO     | ============================================================
2026-02-05 13:22:05 | INFO     | Approved Watcher Agent started
2026-02-05 13:22:05 | INFO     | Watch folder: C:\Users\Admin\OneDrive\Desktop\AI_Employee_Vault\Approved
2026-02-05 13:22:05 | INFO     | Output folder: C:\Users\Admin\OneDrive\Desktop\AI_Employee_Vault\In_Progress
2026-02-05 13:22:05 | INFO     | ============================================================
2026-02-05 13:22:36 | INFO     | ============================================================
2026-02-05 13:22:36 | INFO     | Approved Watcher Agent started
2026-02-05 13:22:36 | INFO     | Watch folder: C:\Users\Admin\OneDrive\Desktop\AI_Employee_Vault\Approved
2026-02-05 13:22:36 | INFO     | Output folder: C:\Users\Admin\OneDrive\Desktop\AI_Employee_Vault\In_Progress
2026-02-05 13:22:36 | INFO     | ============================================================
2026-02-05 13:23:08 | INFO     | ============================================================
2026-02-05 13:23:08 | INFO     | Approved Watcher Agent started
2026-02-05 13:23:08 | INFO     | Watch folder: C:\Users\Admin\OneDrive\Desktop\AI_Employee_Vault\Approved
2026-02-05 13:23:08 | INFO     | Output folder: C:\Users\Admin\OneDrive\Desktop\AI_Employee_Vault\In_Progress
2026-02-05 13:23:08 | INFO     | ============================================================
2026-02-05 13:23:39 | INFO     | ============================================================
2026-02-05 13:23:39 | INFO     | Approved Watcher Agent started
2026-02-05 13:23:39 | INFO     | Watch folder: C:\Users\Admin\OneDrive\Desktop\AI_Employee_Vault\Approved
2026-02-05 13:23:39 | INFO     | Output folder: C:\Users\Admin\OneDrive\Desktop\AI_Employee_Vault\In_Progress
2026-02-05 13:23:39 | INFO     | ============================================================
2026-02-05 13:24:10 | INFO     | ============================================================
2026-02-05 13:24:10 | INFO     | Approved Watcher Agent started
2026-02-05 13:24:10 | INFO     | Watch folder: C:\Users\Admin\OneDrive\Desktop\AI_Employee_Vault\Approved
2026-02-05 13:24:10 | INFO     | Output folder: C:\Users\Admin\OneDrive\Desktop\AI_Employee_Vault\In_Progress
2026-02-05 13:24:10 | INFO     | ============================================================
2026-02-05 13:24:42 | INFO     | ============================================================
2026-02-05 13:24:42 | INFO     | Approved Watcher Agent started
2026-02-05 13:24:42 | INFO     | Watch folder: C:\Users\Admin\OneDrive\Desktop\AI_Employee_Vault\Approved
2026-02-05 13:24:42 | INFO     | Output folder: C:\Users\Admin\OneDrive\Desktop\AI_Employee_Vault\In_Progress
2026-02-05 13:24:42 | INFO     | ============================================================
2026-02-05 13:25:13 | INFO     | ============================================================
2026-02-05 13:25:13 | INFO     | Approved Watcher Agent started
2026-02-05 13:25:13 | INFO     | Watch folder: C:\Users\Admin\OneDrive\Desktop\AI_Employee_Vault\Approved
2026-02-05 13:25:13 | INFO     | Output folder: C:\Users\Admin\OneDrive\Desktop\AI_Employee_Vault\In_Progress
2026-02-05 13:25:13 | INFO     | ============================================================
2026-02-05 13:25:44 | INFO     | ============================================================
2026-02-05 13:25:44 | INFO     | Approved Watcher Agent started
2026-02-05 13:25:44 | INFO     | Watch folder: C:\Users\Admin\OneDrive\Desktop\AI_Employee_Vault\Approved
2026-02-05 13:25:44 | INFO     | Output folder: C:\Users\Admin\OneDrive\Desktop\AI_Employee_Vault\In_Progress
2026-02-05 13:25:44 | INFO     | ============================================================
2026-02-05 13:26:16 | INFO     | ============================================================
2026-02-05 13:26:16 | INFO     | Approved Watcher Agent started
2026-02-05 13:26:16 | INFO     | Watch folder: C:\Users\Admin\OneDrive\Desktop\AI_Employee_Vault\Approved
2026-02-05 13:26:16 | INFO     | Output folder: C:\Users\Admin\OneDrive\Desktop\AI_Employee_Vault\In_Progress
2026-02-05 13:26:16 | INFO     | ============================================================
2026-02-05 13:26:47 | INFO     | ============================================================
2026-02-05 13:26:47 | INFO     | Approved Watcher Agent started
2026-02-05 13:26:47 | INFO     | Watch folder: C:\Users\Admin\OneDrive\Desktop\AI_Employee_Vault\Approved
2026-02-05 13:26:47 | INFO     | Output folder: C:\Users\Admin\OneDrive\Desktop\AI_Employee_Vault\In_Progress
2026-02-05 13:26:47 | INFO     | ============================================================
2026-02-05 13:27:18 | INFO     | ============================================================
2026-02-05 13:27:18 | INFO     | Approved Watcher Agent started
2026-02-05 13:27:18 | INFO     | Watch folder: C:\Users\Admin\OneDrive\Desktop\AI_Employee_Vault\Approved
2026-02-05 13:27:18 | INFO     | Output folder: C:\Users\Admin\OneDrive\Desktop\AI_Employee_Vault\In_Progress
2026-02-05 13:27:18 | INFO     | ============================================================
2026-02-05 13:27:50 | INFO     | ============================================================
2026-02-05 13:27:50 | INFO     | Approved Watcher Agent started
2026-02-05 13:27:50 | INFO     | Watch folder: C:\Users\Admin\OneDrive\Desktop\AI_Employee_Vault\Approved
2026-02-05 13:27:50 | INFO     | Output folder: C:\Users\Admin\OneDrive\Desktop\AI_Employee_Vault\In_Progress
2026-02-05 13:27:50 | INFO     | ============================================================
2026-02-05 13:28:21 | INFO     | ============================================================
2026-02-05 13:28:21 | INFO     | Approved Watcher Agent started
2026-02-05 13:28:21 | INFO     | Watch folder: C:\Users\Admin\OneDrive\Desktop\AI_Employee_Vault\Approved
2026-02-05 13:28:21 | INFO     | Output folder: C:\Users\Admin\OneDrive\Desktop\AI_Employee_Vault\In_Progress
2026-02-05 13:28:21 | INFO     | ============================================================
2026-02-05 13:28:52 | INFO     | ============================================================
2026-02-05 13:28:52 | INFO     | Approved Watcher Agent started
2026-02-05 13:28:52 | INFO     | Watch folder: C:\Users\Admin\OneDrive\Desktop\AI_Employee_Vault\Approved
2026-02-05 13:28:52 | INFO     | Output folder: C:\Users\Admin\OneDrive\Desktop\AI_Employee_Vault\In_Progress
2026-02-05 13:28:52 | INFO     | ============================================================
2026-02-05 13:29:24 | INFO     | ============================================================
2026-02-05 13:29:24 | INFO     | Approved Watcher Agent started
2026-02-05 13:29:24 | INFO     | Watch folder: C:\Users\Admin\OneDrive\Desktop\AI_Employee_Vault\Approved
2026-02-05 13:29:24 | INFO     | Output folder: C:\Users\Admin\OneDrive\Desktop\AI_Employee_Vault\In_Progress
2026-02-05 13:29:24 | INFO     | ============================================================
2026-02-05 13:29:55 | INFO     | ============================================================
2026-02-05 13:29:55 | INFO     | Approved Watcher Agent started
2026-02-05 13:29:55 | INFO     | Watch folder: C:\Users\Admin\OneDrive\Desktop\AI_Employee_Vault\Approved
2026-02-05 13:29:55 | INFO     | Output folder: C:\Users\Admin\OneDrive\Desktop\AI_Employee_Vault\In_Progress
2026-02-05 13:29:55 | INFO     | ============================================================
2026-04-23 16:02:40 | INFO     | ============================================================
2026-04-23 16:02:40 | INFO     | Approved Watcher Agent started
2026-04-23 16:02:40 | INFO     | Watch folder: C:\dev\AI_Employee_Vault\Approved
2026-04-23 16:02:40 | INFO     | Output folder: C:\dev\AI_Employee_Vault\In_Progress
2026-04-23 16:02:40 | INFO     | ============================================================
2026-04-23 16:02:40 | INFO     | No approved tasks found
