2026-01-19 02:01:03 | INFO     | ============================================================
2026-01-19 02:01:03 | INFO     | Decision Maker Agent started
2026-01-19 02:01:03 | INFO     | Input: C:\Users\Admin\OneDrive\Desktop\AI_Employee_Vault\Needs_Action
2026-01-19 02:01:03 | INFO     | Plans: C:\Users\Admin\OneDrive\Desktop\AI_Employee_Vault\Plans
2026-01-19 02:01:03 | INFO     | Approvals: C:\Users\Admin\OneDrive\Desktop\AI_Employee_Vault\Approvals
2026-01-19 02:01:03 | INFO     | Output: C:\Users\Admin\OneDrive\Desktop\AI_Employee_Vault\Decisions
2026-01-19 02:01:03 | INFO     | ============================================================
2026-01-19 02:01:03 | INFO     | Found 1 task file(s)
2026-01-19 02:01:03 | INFO     | DECIDED: task_100 → READY_FOR_EXECUTION
2026-01-19 02:01:03 | INFO     | Decision Maker completed: 1 created, 0 skipped, 0 errors
2026-01-19 02:01:03 | INFO     | ============================================================
2026-01-19 02:21:27 | INFO     | ============================================================
2026-01-19 02:21:27 | INFO     | Decision Maker Agent started
2026-01-19 02:21:27 | INFO     | Input: C:\Users\Admin\OneDrive\Desktop\AI_Employee_Vault\Needs_Action
2026-01-19 02:21:27 | INFO     | Plans: C:\Users\Admin\OneDrive\Desktop\AI_Employee_Vault\Plans
2026-01-19 02:21:27 | INFO     | Approvals: C:\Users\Admin\OneDrive\Desktop\AI_Employee_Vault\Approvals
2026-01-19 02:21:27 | INFO     | Output: C:\Users\Admin\OneDrive\Desktop\AI_Employee_Vault\Decisions
2026-01-19 02:21:27 | INFO     | ============================================================
2026-01-19 02:21:27 | INFO     | Found 1 task file(s)
2026-01-19 02:21:27 | INFO     | DECIDED: task_100 → READY_FOR_EXECUTION
2026-01-19 02:21:27 | INFO     | Decision Maker completed: 1 created, 0 skipped, 0 errors
2026-01-19 02:21:27 | INFO     | ============================================================
2026-02-03 21:19:14 | INFO     | ============================================================
2026-02-03 21:19:14 | INFO     | Decision Maker Agent started
2026-02-03 21:19:14 | INFO     | Input: C:\Users\Admin\OneDrive\Desktop\AI_Employee_Vault\Needs_Action
2026-02-03 21:19:14 | INFO     | Plans: C:\Users\Admin\OneDrive\Desktop\AI_Employee_Vault\Plans
2026-02-03 21:19:14 | INFO     | Output: C:\Users\Admin\OneDrive\Desktop\AI_Employee_Vault\Pending_Approval
2026-02-03 21:19:14 | INFO     | Approved: C:\Users\Admin\OneDrive\Desktop\AI_Employee_Vault\Approved
2026-02-03 21:19:14 | INFO     | ============================================================
